[backblue.gif]
[fade.gif]
[index.html]
[assets.squarespace.com/universal/default-favicon.ico]
[images.squarespace-cdn.com/content/5f0e03db54b8e975d058860c/1602104204807-8UMPDQQFYUD60M0OZQ9E/Outdoor+Experience+Logoee8a.jpg]
[use.typekit.net/ik/7m4gjSKRcZutpeXMvT_zAuJPKqh-h8T3czvzX6FSGG3fe0t2fFHN4UJLFRbh52jhWDmcwe93whsKFQsK5e9oFDmqw29t52j3jU7GMkG0jAFu-WsoShFGZAsude80ZkoRdhXCHKoyjamTiY8Djhy8ZYmC-Ao1Oco8if37OcBDOcu8OfG0SaBujW48SagyjhmDjhy8ZYmC-Ao1OcFzdP37O]
[assets.squarespace.com/@sqs/polyfiller/1.6/legacy.js]
[assets.squarespace.com/@sqs/polyfiller/1.6/modern.js]
[assets.squarespace.com/universal/scripts-compressed/extract-css-runtime-69c60f0eda8213c9a9959-min.en-US.js]
[assets.squarespace.com/universal/scripts-compressed/cldr-resource-pack-c7e9228bf6ab25fce34a9-min.en-US.js]
[assets.squarespace.com/universal/scripts-compressed/extract-css-moment-js-vendor-5082e2dab696b020ac83a-min.en-US.js]
[assets.squarespace.com/universal/scripts-compressed/common-vendors-stable-fff3c38a2e8242b717df8-min.en-US.js]
[assets.squarespace.com/universal/scripts-compressed/performance-a5563c4ad1bee25854f27-min.en-US.js]
[assets.squarespace.com/universal/scripts-compressed/common-vendors-fd3ab9427a9d7e79905b6-min.en-US.js]
[static1.squarespace.com/static/versioned-site-css/5f0e03db54b8e975d058860c/52/5c5a519771c10ba3470d8101/5f0e03db54b8e975d0588628/1398/site.css]
[kit.fontawesome.com/bc4148ef8f.js]
[images.squarespace-cdn.com/content/v1/5f0e03db54b8e975d058860c/1602104204807-8UMPDQQFYUD60M0OZQ9E/Outdoor+Experience+Logo26f7.jpg]
[www.outdoorexperience.us/cart.html]
[assets.squarespace.com/universal/scripts-compressed/common-7c87df6a40edf24ac6d59-min.en-US.js]
[www.facebook.com/outdoorexperience.html]
[images.squarespace-cdn.com/content/v1/5f0e03db54b8e975d058860c/1684689594474-OOKFO666NZQX3KGVHV5W/image-asset.jpg]
[www.instagram.com/p/CsgxEvfJ6w0/index.html]
[www.instagram.com/outdoor_experience_sandpoint/index.html]
[images.squarespace-cdn.com/content/v1/5f0e03db54b8e975d058860c/1684512223224-GB7YRZ41LH6BBFQ60N53/image-asset.jpg]
[images.squarespace-cdn.com/content/v1/5f0e03db54b8e975d058860c/1684212405051-CJK9IZ680J0OVC6GTX81/image-asset.jpg]
[www.instagram.com/p/CsbjxseLkn0/index.html]
[www.instagram.com/p/CsSj3LHrqPu/index.html]
[www.outdoorexperience.us/_https_/www.instagram.com/reel/CsPd2XcgMef/embed/___/iframe__.1d.delayed]
[images.squarespace-cdn.com/content/v1/5f0e03db54b8e975d058860c/1683910023120-4SIL69JHJCDD55XTKS47/image-asset.jpg]
[images.squarespace-cdn.com/content/v1/5f0e03db54b8e975d058860c/1683852937761-HMZU4N1S112IEI6CN2CX/image-asset.jpg]
[www.instagram.com/p/CsJjMKprTsk/index.html]
[www.outdoorexperience.us/index.html]
[images.squarespace-cdn.com/index.html]
[fonts.googleapis.com/css2f57a.css]
[static1.squarespace.com/static/versioned-site-css/5f0e03db54b8e975d058860c/52/5c5a519771c10ba3470d8101/5f0e03db54b8e975d0588628/1398/site.css]
[www.outdoorexperience.us/cart.html]
[www.outdoorexperience.us/repairs.html]
[www.outdoorexperience.us/rentals.html]
[www.outdoorexperience.us/gear.html]
[www.outdoorexperience.us/community.html]
[www.outdoorexperience.us/contact-us.html]
[www.facebook.com/outdoorexperience.html]
[www.instagram.com/outdoor_experience_sandpoint/index.html]
[www.instagram.com/p/CsgxEvfJ6w0/index.html]
[www.instagram.com/p/CsbjxseLkn0/index.html]
[www.instagram.com/p/CsSj3LHrqPu/index.html]
[www.outdoorexperience.us/_https_/www.instagram.com/reel/CsPd2XcgMef/embed/___/iframe__.html]
[www.instagram.com/p/CsJjMKprTsk/index.html]
[static1.squarespace.com/static/vta/5c5a519771c10ba3470d8101/scripts/site-bundle.c8eeaec212bd3cf94137efde97e951ae.js]
[www.instagram.com/p/CsHvgMePvEv/index.html]
[www.instagram.com/p/CsHvgMePvEv/index.html]
